[2025-01-27T14:03:44.888+0000][gc,heap] Heap region size: 1M
[2025-01-27T14:03:44.897+0000][gc     ] Using G1
[2025-01-27T14:03:44.897+0000][gc,heap,coops] Heap address: 0x00000000c0000000, size: 1024 MB, Compressed Oops mode: 32-bit
[2025-01-27T14:03:44.898+0000][gc,cds       ] Mark closed archive regions in map: [0x00000000fff00000, 0x00000000fff6bff8]
[2025-01-27T14:03:44.898+0000][gc,cds       ] Mark open archive regions in map: [0x00000000ffe00000, 0x00000000ffe47ff8]
[2025-01-27T14:03:46.115+0000][gc,start     ] GC(0) Pause Young (Normal) (G1 Evacuation Pause)
[2025-01-27T14:03:46.115+0000][gc,task      ] GC(0) Using 2 workers of 2 for evacuation
[2025-01-27T14:03:46.134+0000][gc,phases    ] GC(0)   Pre Evacuate Collection Set: 0.0ms
[2025-01-27T14:03:46.134+0000][gc,phases    ] GC(0)   Evacuate Collection Set: 18.5ms
[2025-01-27T14:03:46.134+0000][gc,phases    ] GC(0)   Post Evacuate Collection Set: 0.3ms
[2025-01-27T14:03:46.134+0000][gc,phases    ] GC(0)   Other: 0.3ms
[2025-01-27T14:03:46.134+0000][gc,heap      ] GC(0) Eden regions: 51->0(44)
[2025-01-27T14:03:46.134+0000][gc,heap      ] GC(0) Survivor regions: 0->7(7)
[2025-01-27T14:03:46.134+0000][gc,heap      ] GC(0) Old regions: 2->2
[2025-01-27T14:03:46.134+0000][gc,heap      ] GC(0) Humongous regions: 0->0
[2025-01-27T14:03:46.134+0000][gc,metaspace ] GC(0) Metaspace: 16290K(17024K)->16290K(17024K) NonClass: 14109K(14592K)->14109K(14592K) Class: 2180K(2432K)->2180K(2432K)
[2025-01-27T14:03:46.134+0000][gc           ] GC(0) Pause Young (Normal) (G1 Evacuation Pause) 51M->6M(1024M) 19.209ms
[2025-01-27T14:03:46.134+0000][gc,cpu       ] GC(0) User=0.03s Sys=0.00s Real=0.02s
[2025-01-27T14:03:46.513+0000][gc,start     ] GC(1) Pause Young (Concurrent Start) (Metadata GC Threshold)
[2025-01-27T14:03:46.513+0000][gc,task      ] GC(1) Using 2 workers of 2 for evacuation
[2025-01-27T14:03:46.536+0000][gc,mmu       ] GC(1) MMU target violated: 21.0ms (20.0ms/21.0ms)
[2025-01-27T14:03:46.536+0000][gc,phases    ] GC(1)   Pre Evacuate Collection Set: 0.1ms
[2025-01-27T14:03:46.536+0000][gc,phases    ] GC(1)   Evacuate Collection Set: 22.1ms
[2025-01-27T14:03:46.536+0000][gc,phases    ] GC(1)   Post Evacuate Collection Set: 0.4ms
[2025-01-27T14:03:46.536+0000][gc,phases    ] GC(1)   Other: 0.5ms
[2025-01-27T14:03:46.536+0000][gc,heap      ] GC(1) Eden regions: 18->0(50)
[2025-01-27T14:03:46.537+0000][gc,heap      ] GC(1) Survivor regions: 7->1(7)
[2025-01-27T14:03:46.537+0000][gc,heap      ] GC(1) Old regions: 2->9
[2025-01-27T14:03:46.537+0000][gc,heap      ] GC(1) Humongous regions: 0->0
[2025-01-27T14:03:46.537+0000][gc,metaspace ] GC(1) Metaspace: 20581K(21248K)->20581K(21248K) NonClass: 17776K(18176K)->17776K(18176K) Class: 2805K(3072K)->2805K(3072K)
[2025-01-27T14:03:46.537+0000][gc           ] GC(1) Pause Young (Concurrent Start) (Metadata GC Threshold) 24M->7M(1024M) 23.588ms
[2025-01-27T14:03:46.537+0000][gc,cpu       ] GC(1) User=0.01s Sys=0.01s Real=0.03s
[2025-01-27T14:03:46.537+0000][gc           ] GC(2) Concurrent Cycle
[2025-01-27T14:03:46.537+0000][gc,marking   ] GC(2) Concurrent Clear Claimed Marks
[2025-01-27T14:03:46.537+0000][gc,marking   ] GC(2) Concurrent Clear Claimed Marks 0.044ms
[2025-01-27T14:03:46.537+0000][gc,marking   ] GC(2) Concurrent Scan Root Regions
[2025-01-27T14:03:46.538+0000][gc,marking   ] GC(2) Concurrent Scan Root Regions 0.780ms
[2025-01-27T14:03:46.538+0000][gc,marking   ] GC(2) Concurrent Mark (1.653s)
[2025-01-27T14:03:46.538+0000][gc,marking   ] GC(2) Concurrent Mark From Roots
[2025-01-27T14:03:46.538+0000][gc,task      ] GC(2) Using 1 workers of 1 for marking
[2025-01-27T14:03:46.555+0000][gc,marking   ] GC(2) Concurrent Mark From Roots 17.458ms
[2025-01-27T14:03:46.555+0000][gc,marking   ] GC(2) Concurrent Preclean
[2025-01-27T14:03:46.555+0000][gc,marking   ] GC(2) Concurrent Preclean 0.068ms
[2025-01-27T14:03:46.555+0000][gc,marking   ] GC(2) Concurrent Mark (1.653s, 1.670s) 17.618ms
[2025-01-27T14:03:46.558+0000][gc,start     ] GC(2) Pause Remark
[2025-01-27T14:03:46.562+0000][gc,stringtable] GC(2) Cleaned string and symbol table, strings: 5491 processed, 0 removed, symbols: 50560 processed, 50 removed
[2025-01-27T14:03:46.563+0000][gc            ] GC(2) Pause Remark 8M->8M(1024M) 5.076ms
[2025-01-27T14:03:46.563+0000][gc,cpu        ] GC(2) User=0.00s Sys=0.00s Real=0.00s
[2025-01-27T14:03:46.563+0000][gc,marking    ] GC(2) Concurrent Rebuild Remembered Sets
[2025-01-27T14:03:46.574+0000][gc,marking    ] GC(2) Concurrent Rebuild Remembered Sets 10.989ms
[2025-01-27T14:03:46.574+0000][gc,start      ] GC(2) Pause Cleanup
[2025-01-27T14:03:46.575+0000][gc            ] GC(2) Pause Cleanup 8M->8M(1024M) 0.321ms
[2025-01-27T14:03:46.575+0000][gc,cpu        ] GC(2) User=0.00s Sys=0.00s Real=0.00s
[2025-01-27T14:03:46.575+0000][gc,marking    ] GC(2) Concurrent Cleanup for Next Mark
[2025-01-27T14:03:46.604+0000][gc,marking    ] GC(2) Concurrent Cleanup for Next Mark 29.925ms
[2025-01-27T14:03:46.605+0000][gc            ] GC(2) Concurrent Cycle 67.633ms
[2025-01-27T14:03:47.438+0000][gc,start      ] GC(3) Pause Young (Normal) (G1 Evacuation Pause)
[2025-01-27T14:03:47.438+0000][gc,task       ] GC(3) Using 2 workers of 2 for evacuation
[2025-01-27T14:03:47.446+0000][gc,phases     ] GC(3)   Pre Evacuate Collection Set: 0.0ms
[2025-01-27T14:03:47.446+0000][gc,phases     ] GC(3)   Evacuate Collection Set: 7.3ms
[2025-01-27T14:03:47.446+0000][gc,phases     ] GC(3)   Post Evacuate Collection Set: 0.3ms
[2025-01-27T14:03:47.446+0000][gc,phases     ] GC(3)   Other: 0.2ms
[2025-01-27T14:03:47.446+0000][gc,heap       ] GC(3) Eden regions: 50->0(46)
[2025-01-27T14:03:47.446+0000][gc,heap       ] GC(3) Survivor regions: 1->5(7)
[2025-01-27T14:03:47.446+0000][gc,heap       ] GC(3) Old regions: 9->9
[2025-01-27T14:03:47.446+0000][gc,heap       ] GC(3) Humongous regions: 129->129
[2025-01-27T14:03:47.446+0000][gc,metaspace  ] GC(3) Metaspace: 30298K(31616K)->30298K(31616K) NonClass: 26547K(27392K)->26547K(27392K) Class: 3751K(4224K)->3751K(4224K)
[2025-01-27T14:03:47.446+0000][gc            ] GC(3) Pause Young (Normal) (G1 Evacuation Pause) 186M->140M(1024M) 7.879ms
[2025-01-27T14:03:47.446+0000][gc,cpu        ] GC(3) User=0.02s Sys=0.00s Real=0.00s
[2025-01-27T14:04:05.458+0000][gc,start      ] GC(4) Pause Young (Concurrent Start) (Metadata GC Threshold)
[2025-01-27T14:04:05.459+0000][gc,task       ] GC(4) Using 2 workers of 2 for evacuation
[2025-01-27T14:04:05.469+0000][gc,phases     ] GC(4)   Pre Evacuate Collection Set: 0.1ms
[2025-01-27T14:04:05.469+0000][gc,phases     ] GC(4)   Evacuate Collection Set: 10.3ms
[2025-01-27T14:04:05.469+0000][gc,phases     ] GC(4)   Post Evacuate Collection Set: 0.3ms
[2025-01-27T14:04:05.469+0000][gc,phases     ] GC(4)   Other: 0.2ms
[2025-01-27T14:04:05.469+0000][gc,heap       ] GC(4) Eden regions: 20->0(49)
[2025-01-27T14:04:05.469+0000][gc,heap       ] GC(4) Survivor regions: 5->2(7)
[2025-01-27T14:04:05.469+0000][gc,heap       ] GC(4) Old regions: 9->13
[2025-01-27T14:04:05.469+0000][gc,heap       ] GC(4) Humongous regions: 129->129
[2025-01-27T14:04:05.469+0000][gc,metaspace  ] GC(4) Metaspace: 34356K(35840K)->34356K(35840K) NonClass: 29971K(30720K)->29971K(30720K) Class: 4384K(5120K)->4384K(5120K)
[2025-01-27T14:04:05.470+0000][gc            ] GC(4) Pause Young (Concurrent Start) (Metadata GC Threshold) 159M->141M(1024M) 11.029ms
[2025-01-27T14:04:05.470+0000][gc,cpu        ] GC(4) User=0.01s Sys=0.01s Real=0.01s
[2025-01-27T14:04:05.470+0000][gc            ] GC(5) Concurrent Cycle
[2025-01-27T14:04:05.470+0000][gc,marking    ] GC(5) Concurrent Clear Claimed Marks
[2025-01-27T14:04:05.470+0000][gc,marking    ] GC(5) Concurrent Clear Claimed Marks 0.118ms
[2025-01-27T14:04:05.470+0000][gc,marking    ] GC(5) Concurrent Scan Root Regions
[2025-01-27T14:04:05.471+0000][gc,marking    ] GC(5) Concurrent Scan Root Regions 1.218ms
[2025-01-27T14:04:05.471+0000][gc,marking    ] GC(5) Concurrent Mark (20.586s)
[2025-01-27T14:04:05.471+0000][gc,marking    ] GC(5) Concurrent Mark From Roots
[2025-01-27T14:04:05.471+0000][gc,task       ] GC(5) Using 1 workers of 1 for marking
[2025-01-27T14:04:05.489+0000][gc,marking    ] GC(5) Concurrent Mark From Roots 18.090ms
[2025-01-27T14:04:05.490+0000][gc,marking    ] GC(5) Concurrent Preclean
[2025-01-27T14:04:05.490+0000][gc,marking    ] GC(5) Concurrent Preclean 0.064ms
[2025-01-27T14:04:05.490+0000][gc,marking    ] GC(5) Concurrent Mark (20.586s, 20.605s) 18.249ms
[2025-01-27T14:04:05.490+0000][gc,start      ] GC(5) Pause Remark
[2025-01-27T14:04:05.494+0000][gc,stringtable] GC(5) Cleaned string and symbol table, strings: 10089 processed, 10 removed, symbols: 80372 processed, 25 removed
[2025-01-27T14:04:05.494+0000][gc            ] GC(5) Pause Remark 143M->143M(1024M) 4.250ms
[2025-01-27T14:04:05.494+0000][gc,cpu        ] GC(5) User=0.01s Sys=0.00s Real=0.00s
[2025-01-27T14:04:05.494+0000][gc,marking    ] GC(5) Concurrent Rebuild Remembered Sets
[2025-01-27T14:04:05.505+0000][gc,marking    ] GC(5) Concurrent Rebuild Remembered Sets 10.625ms
[2025-01-27T14:04:05.505+0000][gc,start      ] GC(5) Pause Cleanup
[2025-01-27T14:04:05.505+0000][gc            ] GC(5) Pause Cleanup 144M->144M(1024M) 0.169ms
[2025-01-27T14:04:05.505+0000][gc,cpu        ] GC(5) User=0.00s Sys=0.00s Real=0.00s
[2025-01-27T14:04:05.505+0000][gc,marking    ] GC(5) Concurrent Cleanup for Next Mark
[2025-01-27T14:04:05.527+0000][gc,marking    ] GC(5) Concurrent Cleanup for Next Mark 21.263ms
[2025-01-27T14:04:05.527+0000][gc            ] GC(5) Concurrent Cycle 57.072ms
[2025-01-27T14:49:17.981+0000][gc,start      ] GC(6) Pause Young (Concurrent Start) (G1 Evacuation Pause)
[2025-01-27T14:49:17.984+0000][gc,task       ] GC(6) Using 2 workers of 2 for evacuation
[2025-01-27T14:49:17.995+0000][gc,phases     ] GC(6)   Pre Evacuate Collection Set: 0.1ms
[2025-01-27T14:49:17.995+0000][gc,phases     ] GC(6)   Evacuate Collection Set: 10.4ms
[2025-01-27T14:49:17.995+0000][gc,phases     ] GC(6)   Post Evacuate Collection Set: 0.4ms
[2025-01-27T14:49:17.996+0000][gc,phases     ] GC(6)   Other: 3.8ms
[2025-01-27T14:49:17.996+0000][gc,heap       ] GC(6) Eden regions: 49->0(49)
[2025-01-27T14:49:17.996+0000][gc,heap       ] GC(6) Survivor regions: 2->2(7)
[2025-01-27T14:49:17.996+0000][gc,heap       ] GC(6) Old regions: 13->13
[2025-01-27T14:49:17.996+0000][gc,heap       ] GC(6) Humongous regions: 129->129
[2025-01-27T14:49:17.996+0000][gc,metaspace  ] GC(6) Metaspace: 37475K(39424K)->37475K(39424K) NonClass: 32674K(33792K)->32674K(33792K) Class: 4801K(5632K)->4801K(5632K)
[2025-01-27T14:49:17.996+0000][gc            ] GC(6) Pause Young (Concurrent Start) (G1 Evacuation Pause) 190M->142M(1024M) 15.478ms
[2025-01-27T14:49:17.996+0000][gc,cpu        ] GC(6) User=0.02s Sys=0.00s Real=0.02s
[2025-01-27T14:49:17.996+0000][gc            ] GC(7) Concurrent Cycle
[2025-01-27T14:49:17.996+0000][gc,marking    ] GC(7) Concurrent Clear Claimed Marks
[2025-01-27T14:49:17.996+0000][gc,marking    ] GC(7) Concurrent Clear Claimed Marks 0.093ms
[2025-01-27T14:49:17.996+0000][gc,marking    ] GC(7) Concurrent Scan Root Regions
[2025-01-27T14:49:17.999+0000][gc,marking    ] GC(7) Concurrent Scan Root Regions 2.986ms
[2025-01-27T14:49:17.999+0000][gc,marking    ] GC(7) Concurrent Mark (2733.114s)
[2025-01-27T14:49:17.999+0000][gc,marking    ] GC(7) Concurrent Mark From Roots
[2025-01-27T14:49:17.999+0000][gc,task       ] GC(7) Using 1 workers of 1 for marking
[2025-01-27T14:49:18.041+0000][gc,marking    ] GC(7) Concurrent Mark From Roots 41.518ms
[2025-01-27T14:49:18.041+0000][gc,marking    ] GC(7) Concurrent Preclean
[2025-01-27T14:49:18.041+0000][gc,marking    ] GC(7) Concurrent Preclean 0.234ms
[2025-01-27T14:49:18.041+0000][gc,marking    ] GC(7) Concurrent Mark (2733.114s, 2733.156s) 42.041ms
[2025-01-27T14:49:18.044+0000][gc,start      ] GC(7) Pause Remark
[2025-01-27T14:49:18.052+0000][gc,stringtable] GC(7) Cleaned string and symbol table, strings: 10761 processed, 301 removed, symbols: 82836 processed, 5 removed
[2025-01-27T14:49:18.052+0000][gc            ] GC(7) Pause Remark 144M->144M(1024M) 8.633ms
[2025-01-27T14:49:18.053+0000][gc,cpu        ] GC(7) User=0.02s Sys=0.00s Real=0.01s
[2025-01-27T14:49:18.053+0000][gc,marking    ] GC(7) Concurrent Rebuild Remembered Sets
[2025-01-27T14:49:18.062+0000][gc,marking    ] GC(7) Concurrent Rebuild Remembered Sets 9.081ms
[2025-01-27T14:49:18.062+0000][gc,start      ] GC(7) Pause Cleanup
[2025-01-27T14:49:18.062+0000][gc            ] GC(7) Pause Cleanup 145M->145M(1024M) 0.143ms
[2025-01-27T14:49:18.062+0000][gc,cpu        ] GC(7) User=0.01s Sys=0.00s Real=0.00s
[2025-01-27T14:49:18.062+0000][gc,marking    ] GC(7) Concurrent Cleanup for Next Mark
[2025-01-27T14:49:18.064+0000][gc,marking    ] GC(7) Concurrent Cleanup for Next Mark 1.863ms
[2025-01-27T14:49:18.064+0000][gc            ] GC(7) Concurrent Cycle 67.994ms
[2025-01-27T14:49:36.402+0000][gc,start      ] GC(8) Pause Young (Normal) (G1 Evacuation Pause)
[2025-01-27T14:49:36.402+0000][gc,task       ] GC(8) Using 2 workers of 2 for evacuation
[2025-01-27T14:49:36.433+0000][gc,mmu        ] GC(8) MMU target violated: 21.0ms (20.0ms/21.0ms)
[2025-01-27T14:49:36.433+0000][gc,phases     ] GC(8)   Pre Evacuate Collection Set: 0.0ms
[2025-01-27T14:49:36.433+0000][gc,phases     ] GC(8)   Evacuate Collection Set: 29.9ms
[2025-01-27T14:49:36.433+0000][gc,phases     ] GC(8)   Post Evacuate Collection Set: 0.7ms
[2025-01-27T14:49:36.433+0000][gc,phases     ] GC(8)   Other: 0.2ms
[2025-01-27T14:49:36.433+0000][gc,heap       ] GC(8) Eden regions: 49->0(46)
[2025-01-27T14:49:36.433+0000][gc,heap       ] GC(8) Survivor regions: 2->5(7)
[2025-01-27T14:49:36.433+0000][gc,heap       ] GC(8) Old regions: 13->13
[2025-01-27T14:49:36.433+0000][gc,heap       ] GC(8) Humongous regions: 129->129
[2025-01-27T14:49:36.433+0000][gc,metaspace  ] GC(8) Metaspace: 39774K(41856K)->39774K(41856K) NonClass: 34719K(35840K)->34719K(35840K) Class: 5055K(6016K)->5055K(6016K)
[2025-01-27T14:49:36.433+0000][gc            ] GC(8) Pause Young (Normal) (G1 Evacuation Pause) 191M->144M(1024M) 30.968ms
[2025-01-27T14:49:36.433+0000][gc,cpu        ] GC(8) User=0.02s Sys=0.00s Real=0.03s
[2025-01-27T14:49:47.994+0000][gc,start      ] GC(9) Pause Young (Normal) (G1 Evacuation Pause)
[2025-01-27T14:49:47.995+0000][gc,task       ] GC(9) Using 2 workers of 2 for evacuation
[2025-01-27T14:49:48.028+0000][gc,mmu        ] GC(9) MMU target violated: 21.0ms (20.0ms/21.0ms)
[2025-01-27T14:49:48.028+0000][gc,phases     ] GC(9)   Pre Evacuate Collection Set: 0.0ms
[2025-01-27T14:49:48.028+0000][gc,phases     ] GC(9)   Evacuate Collection Set: 32.3ms
[2025-01-27T14:49:48.028+0000][gc,phases     ] GC(9)   Post Evacuate Collection Set: 0.5ms
[2025-01-27T14:49:48.028+0000][gc,phases     ] GC(9)   Other: 0.7ms
[2025-01-27T14:49:48.028+0000][gc,heap       ] GC(9) Eden regions: 46->0(47)
[2025-01-27T14:49:48.028+0000][gc,heap       ] GC(9) Survivor regions: 5->4(7)
[2025-01-27T14:49:48.028+0000][gc,heap       ] GC(9) Old regions: 13->14
[2025-01-27T14:49:48.028+0000][gc,heap       ] GC(9) Humongous regions: 129->129
[2025-01-27T14:49:48.028+0000][gc,metaspace  ] GC(9) Metaspace: 39891K(41856K)->39891K(41856K) NonClass: 34836K(35840K)->34836K(35840K) Class: 5055K(6016K)->5055K(6016K)
[2025-01-27T14:49:48.029+0000][gc            ] GC(9) Pause Young (Normal) (G1 Evacuation Pause) 190M->145M(1024M) 34.257ms
[2025-01-27T14:49:48.029+0000][gc,cpu        ] GC(9) User=0.03s Sys=0.00s Real=0.04s
[2025-01-27T14:50:01.135+0000][gc,start      ] GC(10) Pause Young (Normal) (G1 Evacuation Pause)
[2025-01-27T14:50:01.135+0000][gc,task       ] GC(10) Using 2 workers of 2 for evacuation
[2025-01-27T14:50:01.158+0000][gc,mmu        ] GC(10) MMU target violated: 21.0ms (20.0ms/21.0ms)
[2025-01-27T14:50:01.158+0000][gc,phases     ] GC(10)   Pre Evacuate Collection Set: 0.0ms
[2025-01-27T14:50:01.158+0000][gc,phases     ] GC(10)   Evacuate Collection Set: 22.3ms
[2025-01-27T14:50:01.158+0000][gc,phases     ] GC(10)   Post Evacuate Collection Set: 0.4ms
[2025-01-27T14:50:01.158+0000][gc,phases     ] GC(10)   Other: 0.4ms
[2025-01-27T14:50:01.158+0000][gc,heap       ] GC(10) Eden regions: 47->0(47)
[2025-01-27T14:50:01.158+0000][gc,heap       ] GC(10) Survivor regions: 4->4(7)
[2025-01-27T14:50:01.158+0000][gc,heap       ] GC(10) Old regions: 14->15
[2025-01-27T14:50:01.158+0000][gc,heap       ] GC(10) Humongous regions: 129->129
[2025-01-27T14:50:01.158+0000][gc,metaspace  ] GC(10) Metaspace: 40038K(42112K)->40038K(42112K) NonClass: 34983K(36096K)->34983K(36096K) Class: 5055K(6016K)->5055K(6016K)
[2025-01-27T14:50:01.158+0000][gc            ] GC(10) Pause Young (Normal) (G1 Evacuation Pause) 192M->145M(1024M) 23.265ms
[2025-01-27T14:50:01.158+0000][gc,cpu        ] GC(10) User=0.02s Sys=0.00s Real=0.03s
[2025-01-27T14:50:11.489+0000][gc,start      ] GC(11) Pause Young (Normal) (G1 Evacuation Pause)
[2025-01-27T14:50:11.491+0000][gc,task       ] GC(11) Using 2 workers of 2 for evacuation
[2025-01-27T14:50:11.512+0000][gc,mmu        ] GC(11) MMU target violated: 21.0ms (20.0ms/21.0ms)
[2025-01-27T14:50:11.512+0000][gc,phases     ] GC(11)   Pre Evacuate Collection Set: 0.0ms
[2025-01-27T14:50:11.512+0000][gc,phases     ] GC(11)   Evacuate Collection Set: 20.8ms
[2025-01-27T14:50:11.512+0000][gc,phases     ] GC(11)   Post Evacuate Collection Set: 0.3ms
[2025-01-27T14:50:11.512+0000][gc,phases     ] GC(11)   Other: 2.4ms
[2025-01-27T14:50:11.512+0000][gc,heap       ] GC(11) Eden regions: 47->0(47)
[2025-01-27T14:50:11.513+0000][gc,heap       ] GC(11) Survivor regions: 4->4(7)
[2025-01-27T14:50:11.513+0000][gc,heap       ] GC(11) Old regions: 15->15
[2025-01-27T14:50:11.513+0000][gc,heap       ] GC(11) Humongous regions: 129->129
[2025-01-27T14:50:11.513+0000][gc,metaspace  ] GC(11) Metaspace: 40109K(42112K)->40109K(42112K) NonClass: 35053K(36096K)->35053K(36096K) Class: 5055K(6016K)->5055K(6016K)
[2025-01-27T14:50:11.513+0000][gc            ] GC(11) Pause Young (Normal) (G1 Evacuation Pause) 192M->146M(1024M) 24.120ms
[2025-01-27T14:50:11.513+0000][gc,cpu        ] GC(11) User=0.02s Sys=0.00s Real=0.02s
[2025-01-27T14:50:21.239+0000][gc,start      ] GC(12) Pause Young (Normal) (G1 Evacuation Pause)
[2025-01-27T14:50:21.239+0000][gc,task       ] GC(12) Using 2 workers of 2 for evacuation
[2025-01-27T14:50:21.249+0000][gc,phases     ] GC(12)   Pre Evacuate Collection Set: 0.0ms
[2025-01-27T14:50:21.249+0000][gc,phases     ] GC(12)   Evacuate Collection Set: 9.1ms
[2025-01-27T14:50:21.249+0000][gc,phases     ] GC(12)   Post Evacuate Collection Set: 0.2ms
[2025-01-27T14:50:21.249+0000][gc,phases     ] GC(12)   Other: 0.6ms
[2025-01-27T14:50:21.249+0000][gc,heap       ] GC(12) Eden regions: 47->0(48)
[2025-01-27T14:50:21.249+0000][gc,heap       ] GC(12) Survivor regions: 4->3(7)
[2025-01-27T14:50:21.249+0000][gc,heap       ] GC(12) Old regions: 15->17
[2025-01-27T14:50:21.249+0000][gc,heap       ] GC(12) Humongous regions: 129->129
[2025-01-27T14:50:21.249+0000][gc,metaspace  ] GC(12) Metaspace: 40132K(42112K)->40132K(42112K) NonClass: 35076K(36096K)->35076K(36096K) Class: 5055K(6016K)->5055K(6016K)
[2025-01-27T14:50:21.249+0000][gc            ] GC(12) Pause Young (Normal) (G1 Evacuation Pause) 193M->146M(1024M) 10.105ms
[2025-01-27T14:50:21.249+0000][gc,cpu        ] GC(12) User=0.02s Sys=0.00s Real=0.01s
[2025-01-27T14:50:29.295+0000][gc,start      ] GC(13) Pause Young (Normal) (G1 Evacuation Pause)
[2025-01-27T14:50:29.295+0000][gc,task       ] GC(13) Using 2 workers of 2 for evacuation
[2025-01-27T14:50:29.308+0000][gc,phases     ] GC(13)   Pre Evacuate Collection Set: 0.0ms
[2025-01-27T14:50:29.308+0000][gc,phases     ] GC(13)   Evacuate Collection Set: 12.0ms
[2025-01-27T14:50:29.308+0000][gc,phases     ] GC(13)   Post Evacuate Collection Set: 0.3ms
[2025-01-27T14:50:29.308+0000][gc,phases     ] GC(13)   Other: 0.5ms
[2025-01-27T14:50:29.308+0000][gc,heap       ] GC(13) Eden regions: 48->0(48)
[2025-01-27T14:50:29.308+0000][gc,heap       ] GC(13) Survivor regions: 3->3(7)
[2025-01-27T14:50:29.308+0000][gc,heap       ] GC(13) Old regions: 17->17
[2025-01-27T14:50:29.308+0000][gc,heap       ] GC(13) Humongous regions: 129->129
[2025-01-27T14:50:29.308+0000][gc,metaspace  ] GC(13) Metaspace: 40135K(42112K)->40135K(42112K) NonClass: 35080K(36096K)->35080K(36096K) Class: 5055K(6016K)->5055K(6016K)
[2025-01-27T14:50:29.308+0000][gc            ] GC(13) Pause Young (Normal) (G1 Evacuation Pause) 194M->146M(1024M) 13.523ms
[2025-01-27T14:50:29.309+0000][gc,cpu        ] GC(13) User=0.01s Sys=0.00s Real=0.02s
[2025-01-27T14:50:36.888+0000][gc,start      ] GC(14) Pause Young (Normal) (G1 Evacuation Pause)
[2025-01-27T14:50:36.889+0000][gc,task       ] GC(14) Using 2 workers of 2 for evacuation
[2025-01-27T14:50:36.910+0000][gc,mmu        ] GC(14) MMU target violated: 21.0ms (20.0ms/21.0ms)
[2025-01-27T14:50:36.911+0000][gc,phases     ] GC(14)   Pre Evacuate Collection Set: 0.0ms
[2025-01-27T14:50:36.911+0000][gc,phases     ] GC(14)   Evacuate Collection Set: 21.3ms
[2025-01-27T14:50:36.911+0000][gc,phases     ] GC(14)   Post Evacuate Collection Set: 0.2ms
[2025-01-27T14:50:36.911+0000][gc,phases     ] GC(14)   Other: 0.7ms
[2025-01-27T14:50:36.911+0000][gc,heap       ] GC(14) Eden regions: 48->0(47)
[2025-01-27T14:50:36.911+0000][gc,heap       ] GC(14) Survivor regions: 3->4(7)
[2025-01-27T14:50:36.911+0000][gc,heap       ] GC(14) Old regions: 17->17
[2025-01-27T14:50:36.911+0000][gc,heap       ] GC(14) Humongous regions: 129->129
[2025-01-27T14:50:36.911+0000][gc,metaspace  ] GC(14) Metaspace: 40158K(42112K)->40158K(42112K) NonClass: 35103K(36096K)->35103K(36096K) Class: 5055K(6016K)->5055K(6016K)
[2025-01-27T14:50:36.911+0000][gc            ] GC(14) Pause Young (Normal) (G1 Evacuation Pause) 194M->147M(1024M) 22.790ms
[2025-01-27T14:50:36.911+0000][gc,cpu        ] GC(14) User=0.02s Sys=0.00s Real=0.02s
[2025-01-27T14:50:45.568+0000][gc,start      ] GC(15) Pause Young (Normal) (G1 Evacuation Pause)
[2025-01-27T14:50:45.568+0000][gc,task       ] GC(15) Using 2 workers of 2 for evacuation
[2025-01-27T14:50:45.577+0000][gc,phases     ] GC(15)   Pre Evacuate Collection Set: 0.0ms
[2025-01-27T14:50:45.577+0000][gc,phases     ] GC(15)   Evacuate Collection Set: 9.0ms
[2025-01-27T14:50:45.577+0000][gc,phases     ] GC(15)   Post Evacuate Collection Set: 0.3ms
[2025-01-27T14:50:45.577+0000][gc,phases     ] GC(15)   Other: 0.2ms
[2025-01-27T14:50:45.577+0000][gc,heap       ] GC(15) Eden regions: 47->0(47)
[2025-01-27T14:50:45.577+0000][gc,heap       ] GC(15) Survivor regions: 4->4(7)
[2025-01-27T14:50:45.577+0000][gc,heap       ] GC(15) Old regions: 17->17
[2025-01-27T14:50:45.577+0000][gc,heap       ] GC(15) Humongous regions: 129->129
[2025-01-27T14:50:45.577+0000][gc,metaspace  ] GC(15) Metaspace: 40181K(42112K)->40181K(42112K) NonClass: 35125K(36096K)->35125K(36096K) Class: 5055K(6016K)->5055K(6016K)
[2025-01-27T14:50:45.577+0000][gc            ] GC(15) Pause Young (Normal) (G1 Evacuation Pause) 194M->147M(1024M) 9.542ms
[2025-01-27T14:50:45.578+0000][gc,cpu        ] GC(15) User=0.01s Sys=0.00s Real=0.01s
[2025-01-27T14:50:53.997+0000][gc,start      ] GC(16) Pause Young (Normal) (G1 Evacuation Pause)
[2025-01-27T14:50:53.997+0000][gc,task       ] GC(16) Using 2 workers of 2 for evacuation
[2025-01-27T14:50:54.013+0000][gc,phases     ] GC(16)   Pre Evacuate Collection Set: 0.0ms
[2025-01-27T14:50:54.013+0000][gc,phases     ] GC(16)   Evacuate Collection Set: 15.4ms
[2025-01-27T14:50:54.013+0000][gc,phases     ] GC(16)   Post Evacuate Collection Set: 0.2ms
[2025-01-27T14:50:54.013+0000][gc,phases     ] GC(16)   Other: 0.2ms
[2025-01-27T14:50:54.013+0000][gc,heap       ] GC(16) Eden regions: 47->0(47)
[2025-01-27T14:50:54.013+0000][gc,heap       ] GC(16) Survivor regions: 4->5(7)
[2025-01-27T14:50:54.013+0000][gc,heap       ] GC(16) Old regions: 17->17
[2025-01-27T14:50:54.013+0000][gc,heap       ] GC(16) Humongous regions: 129->129
[2025-01-27T14:50:54.013+0000][gc,metaspace  ] GC(16) Metaspace: 40189K(42112K)->40189K(42112K) NonClass: 35134K(36096K)->35134K(36096K) Class: 5055K(6016K)->5055K(6016K)
[2025-01-27T14:50:54.013+0000][gc            ] GC(16) Pause Young (Normal) (G1 Evacuation Pause) 194M->149M(1024M) 16.011ms
[2025-01-27T14:50:54.013+0000][gc,cpu        ] GC(16) User=0.02s Sys=0.00s Real=0.01s
[2025-01-27T14:51:01.566+0000][gc,start      ] GC(17) Pause Young (Normal) (G1 Evacuation Pause)
[2025-01-27T14:51:01.566+0000][gc,task       ] GC(17) Using 2 workers of 2 for evacuation
[2025-01-27T14:51:01.589+0000][gc,mmu        ] GC(17) MMU target violated: 21.0ms (20.0ms/21.0ms)
[2025-01-27T14:51:01.589+0000][gc,phases     ] GC(17)   Pre Evacuate Collection Set: 0.0ms
[2025-01-27T14:51:01.589+0000][gc,phases     ] GC(17)   Evacuate Collection Set: 19.0ms
[2025-01-27T14:51:01.589+0000][gc,phases     ] GC(17)   Post Evacuate Collection Set: 4.0ms
[2025-01-27T14:51:01.589+0000][gc,phases     ] GC(17)   Other: 0.3ms
[2025-01-27T14:51:01.589+0000][gc,heap       ] GC(17) Eden regions: 47->0(47)
[2025-01-27T14:51:01.589+0000][gc,heap       ] GC(17) Survivor regions: 5->4(7)
[2025-01-27T14:51:01.589+0000][gc,heap       ] GC(17) Old regions: 17->18
[2025-01-27T14:51:01.589+0000][gc,heap       ] GC(17) Humongous regions: 129->129
[2025-01-27T14:51:01.589+0000][gc,metaspace  ] GC(17) Metaspace: 40192K(42112K)->40192K(42112K) NonClass: 35137K(36096K)->35137K(36096K) Class: 5055K(6016K)->5055K(6016K)
[2025-01-27T14:51:01.590+0000][gc            ] GC(17) Pause Young (Normal) (G1 Evacuation Pause) 196M->149M(1024M) 23.451ms
[2025-01-27T14:51:01.590+0000][gc,cpu        ] GC(17) User=0.01s Sys=0.01s Real=0.03s
[2025-01-27T14:51:58.665+0000][gc,start      ] GC(18) Pause Young (Normal) (G1 Evacuation Pause)
[2025-01-27T14:51:58.665+0000][gc,task       ] GC(18) Using 2 workers of 2 for evacuation
[2025-01-27T14:51:58.676+0000][gc,phases     ] GC(18)   Pre Evacuate Collection Set: 0.0ms
[2025-01-27T14:51:58.676+0000][gc,phases     ] GC(18)   Evacuate Collection Set: 10.3ms
[2025-01-27T14:51:58.676+0000][gc,phases     ] GC(18)   Post Evacuate Collection Set: 0.3ms
[2025-01-27T14:51:58.676+0000][gc,phases     ] GC(18)   Other: 0.3ms
[2025-01-27T14:51:58.676+0000][gc,heap       ] GC(18) Eden regions: 47->0(47)
[2025-01-27T14:51:58.676+0000][gc,heap       ] GC(18) Survivor regions: 4->5(7)
[2025-01-27T14:51:58.676+0000][gc,heap       ] GC(18) Old regions: 18->19
[2025-01-27T14:51:58.676+0000][gc,heap       ] GC(18) Humongous regions: 129->129
[2025-01-27T14:51:58.676+0000][gc,metaspace  ] GC(18) Metaspace: 40326K(42368K)->40326K(42368K) NonClass: 35257K(36352K)->35257K(36352K) Class: 5069K(6016K)->5069K(6016K)
[2025-01-27T14:51:58.676+0000][gc            ] GC(18) Pause Young (Normal) (G1 Evacuation Pause) 196M->150M(1024M) 11.106ms
[2025-01-27T14:51:58.676+0000][gc,cpu        ] GC(18) User=0.02s Sys=0.00s Real=0.02s
[2025-01-27T14:52:41.559+0000][gc,start      ] GC(19) Pause Young (Normal) (G1 Evacuation Pause)
[2025-01-27T14:52:41.559+0000][gc,task       ] GC(19) Using 2 workers of 2 for evacuation
[2025-01-27T14:52:41.571+0000][gc,phases     ] GC(19)   Pre Evacuate Collection Set: 0.0ms
[2025-01-27T14:52:41.571+0000][gc,phases     ] GC(19)   Evacuate Collection Set: 10.8ms
[2025-01-27T14:52:41.571+0000][gc,phases     ] GC(19)   Post Evacuate Collection Set: 0.3ms
[2025-01-27T14:52:41.571+0000][gc,phases     ] GC(19)   Other: 0.2ms
[2025-01-27T14:52:41.571+0000][gc,heap       ] GC(19) Eden regions: 46->0(46)
[2025-01-27T14:52:41.571+0000][gc,heap       ] GC(19) Survivor regions: 5->5(7)
[2025-01-27T14:52:41.571+0000][gc,heap       ] GC(19) Old regions: 19->20
[2025-01-27T14:52:41.571+0000][gc,heap       ] GC(19) Humongous regions: 129->129
[2025-01-27T14:52:41.571+0000][gc,metaspace  ] GC(19) Metaspace: 40352K(42368K)->40352K(42368K) NonClass: 35283K(36352K)->35283K(36352K) Class: 5069K(6016K)->5069K(6016K)
[2025-01-27T14:52:41.571+0000][gc            ] GC(19) Pause Young (Normal) (G1 Evacuation Pause) 196M->151M(1024M) 11.469ms
[2025-01-27T14:52:41.571+0000][gc,cpu        ] GC(19) User=0.02s Sys=0.01s Real=0.01s
[2025-01-27T14:53:23.446+0000][gc,start      ] GC(20) Pause Young (Normal) (G1 Evacuation Pause)
[2025-01-27T14:53:23.446+0000][gc,task       ] GC(20) Using 2 workers of 2 for evacuation
[2025-01-27T14:53:23.457+0000][gc,phases     ] GC(20)   Pre Evacuate Collection Set: 0.0ms
[2025-01-27T14:53:23.457+0000][gc,phases     ] GC(20)   Evacuate Collection Set: 10.7ms
[2025-01-27T14:53:23.457+0000][gc,phases     ] GC(20)   Post Evacuate Collection Set: 0.3ms
[2025-01-27T14:53:23.458+0000][gc,phases     ] GC(20)   Other: 0.2ms
[2025-01-27T14:53:23.458+0000][gc,heap       ] GC(20) Eden regions: 46->0(47)
[2025-01-27T14:53:23.458+0000][gc,heap       ] GC(20) Survivor regions: 5->4(7)
[2025-01-27T14:53:23.458+0000][gc,heap       ] GC(20) Old regions: 20->21
[2025-01-27T14:53:23.458+0000][gc,heap       ] GC(20) Humongous regions: 129->129
[2025-01-27T14:53:23.458+0000][gc,metaspace  ] GC(20) Metaspace: 40369K(42368K)->40369K(42368K) NonClass: 35300K(36352K)->35300K(36352K) Class: 5069K(6016K)->5069K(6016K)
[2025-01-27T14:53:23.458+0000][gc            ] GC(20) Pause Young (Normal) (G1 Evacuation Pause) 197M->152M(1024M) 11.326ms
[2025-01-27T14:53:23.458+0000][gc,cpu        ] GC(20) User=0.02s Sys=0.00s Real=0.02s
[2025-01-27T14:54:06.914+0000][gc,start      ] GC(21) Pause Young (Normal) (G1 Evacuation Pause)
[2025-01-27T14:54:06.914+0000][gc,task       ] GC(21) Using 2 workers of 2 for evacuation
[2025-01-27T14:54:06.925+0000][gc,phases     ] GC(21)   Pre Evacuate Collection Set: 0.0ms
[2025-01-27T14:54:06.925+0000][gc,phases     ] GC(21)   Evacuate Collection Set: 10.2ms
[2025-01-27T14:54:06.925+0000][gc,phases     ] GC(21)   Post Evacuate Collection Set: 0.3ms
[2025-01-27T14:54:06.925+0000][gc,phases     ] GC(21)   Other: 0.2ms
[2025-01-27T14:54:06.925+0000][gc,heap       ] GC(21) Eden regions: 47->0(48)
[2025-01-27T14:54:06.925+0000][gc,heap       ] GC(21) Survivor regions: 4->4(7)
[2025-01-27T14:54:06.925+0000][gc,heap       ] GC(21) Old regions: 21->22
[2025-01-27T14:54:06.925+0000][gc,heap       ] GC(21) Humongous regions: 129->129
[2025-01-27T14:54:06.925+0000][gc,metaspace  ] GC(21) Metaspace: 40446K(42624K)->40446K(42624K) NonClass: 35356K(36608K)->35356K(36608K) Class: 5090K(6016K)->5090K(6016K)
[2025-01-27T14:54:06.925+0000][gc            ] GC(21) Pause Young (Normal) (G1 Evacuation Pause) 199M->152M(1024M) 10.865ms
[2025-01-27T14:54:06.925+0000][gc,cpu        ] GC(21) User=0.03s Sys=0.00s Real=0.01s
[2025-01-27T14:54:51.392+0000][gc,start      ] GC(22) Pause Young (Normal) (G1 Evacuation Pause)
[2025-01-27T14:54:51.392+0000][gc,task       ] GC(22) Using 2 workers of 2 for evacuation
[2025-01-27T14:54:51.412+0000][gc,phases     ] GC(22)   Pre Evacuate Collection Set: 0.0ms
[2025-01-27T14:54:51.412+0000][gc,phases     ] GC(22)   Evacuate Collection Set: 17.1ms
[2025-01-27T14:54:51.412+0000][gc,phases     ] GC(22)   Post Evacuate Collection Set: 0.3ms
[2025-01-27T14:54:51.412+0000][gc,phases     ] GC(22)   Other: 2.8ms
[2025-01-27T14:54:51.412+0000][gc,heap       ] GC(22) Eden regions: 47->0(47)
[2025-01-27T14:54:51.412+0000][gc,heap       ] GC(22) Survivor regions: 4->4(7)
[2025-01-27T14:54:51.412+0000][gc,heap       ] GC(22) Old regions: 22->22
[2025-01-27T14:54:51.412+0000][gc,heap       ] GC(22) Humongous regions: 129->129
[2025-01-27T14:54:51.412+0000][gc,metaspace  ] GC(22) Metaspace: 40455K(42624K)->40455K(42624K) NonClass: 35364K(36608K)->35364K(36608K) Class: 5090K(6016K)->5090K(6016K)
[2025-01-27T14:54:51.412+0000][gc            ] GC(22) Pause Young (Normal) (G1 Evacuation Pause) 199M->153M(1024M) 20.788ms
[2025-01-27T14:54:51.412+0000][gc,cpu        ] GC(22) User=0.02s Sys=0.00s Real=0.02s
[2025-01-27T14:55:36.372+0000][gc,start      ] GC(23) Pause Young (Normal) (G1 Evacuation Pause)
[2025-01-27T14:55:36.373+0000][gc,task       ] GC(23) Using 2 workers of 2 for evacuation
[2025-01-27T14:55:36.384+0000][gc,phases     ] GC(23)   Pre Evacuate Collection Set: 0.0ms
[2025-01-27T14:55:36.384+0000][gc,phases     ] GC(23)   Evacuate Collection Set: 11.2ms
[2025-01-27T14:55:36.385+0000][gc,phases     ] GC(23)   Post Evacuate Collection Set: 0.3ms
[2025-01-27T14:55:36.385+0000][gc,phases     ] GC(23)   Other: 1.0ms
[2025-01-27T14:55:36.385+0000][gc,heap       ] GC(23) Eden regions: 47->0(49)
[2025-01-27T14:55:36.385+0000][gc,heap       ] GC(23) Survivor regions: 4->4(7)
[2025-01-27T14:55:36.385+0000][gc,heap       ] GC(23) Old regions: 22->23
[2025-01-27T14:55:36.385+0000][gc,heap       ] GC(23) Humongous regions: 129->129
[2025-01-27T14:55:36.386+0000][gc,metaspace  ] GC(23) Metaspace: 40457K(42624K)->40457K(42624K) NonClass: 35367K(36608K)->35367K(36608K) Class: 5090K(6016K)->5090K(6016K)
[2025-01-27T14:55:36.386+0000][gc            ] GC(23) Pause Young (Normal) (G1 Evacuation Pause) 200M->154M(1024M) 13.676ms
[2025-01-27T14:55:36.386+0000][gc,cpu        ] GC(23) User=0.02s Sys=0.00s Real=0.01s
[2025-01-27T14:56:21.472+0000][gc,start      ] GC(24) Pause Young (Normal) (G1 Evacuation Pause)
[2025-01-27T14:56:21.472+0000][gc,task       ] GC(24) Using 2 workers of 2 for evacuation
[2025-01-27T14:56:21.479+0000][gc,phases     ] GC(24)   Pre Evacuate Collection Set: 0.0ms
[2025-01-27T14:56:21.480+0000][gc,phases     ] GC(24)   Evacuate Collection Set: 7.4ms
[2025-01-27T14:56:21.480+0000][gc,phases     ] GC(24)   Post Evacuate Collection Set: 0.3ms
[2025-01-27T14:56:21.480+0000][gc,phases     ] GC(24)   Other: 0.2ms
[2025-01-27T14:56:21.480+0000][gc,heap       ] GC(24) Eden regions: 49->0(51)
[2025-01-27T14:56:21.480+0000][gc,heap       ] GC(24) Survivor regions: 4->4(7)
[2025-01-27T14:56:21.480+0000][gc,heap       ] GC(24) Old regions: 23->23
[2025-01-27T14:56:21.480+0000][gc,heap       ] GC(24) Humongous regions: 129->129
[2025-01-27T14:56:21.480+0000][gc,metaspace  ] GC(24) Metaspace: 40498K(42624K)->40498K(42624K) NonClass: 35407K(36608K)->35407K(36608K) Class: 5090K(6016K)->5090K(6016K)
[2025-01-27T14:56:21.480+0000][gc            ] GC(24) Pause Young (Normal) (G1 Evacuation Pause) 203M->154M(1024M) 8.007ms
[2025-01-27T14:56:21.480+0000][gc,cpu        ] GC(24) User=0.01s Sys=0.01s Real=0.01s
[2025-01-27T14:57:09.164+0000][gc,start      ] GC(25) Pause Young (Normal) (G1 Evacuation Pause)
[2025-01-27T14:57:09.164+0000][gc,task       ] GC(25) Using 2 workers of 2 for evacuation
[2025-01-27T14:57:09.173+0000][gc,phases     ] GC(25)   Pre Evacuate Collection Set: 0.0ms
[2025-01-27T14:57:09.173+0000][gc,phases     ] GC(25)   Evacuate Collection Set: 8.9ms
[2025-01-27T14:57:09.173+0000][gc,phases     ] GC(25)   Post Evacuate Collection Set: 0.3ms
[2025-01-27T14:57:09.173+0000][gc,phases     ] GC(25)   Other: 0.2ms
[2025-01-27T14:57:09.173+0000][gc,heap       ] GC(25) Eden regions: 51->0(54)
[2025-01-27T14:57:09.173+0000][gc,heap       ] GC(25) Survivor regions: 4->4(7)
[2025-01-27T14:57:09.173+0000][gc,heap       ] GC(25) Old regions: 23->24
[2025-01-27T14:57:09.173+0000][gc,heap       ] GC(25) Humongous regions: 129->129
[2025-01-27T14:57:09.173+0000][gc,metaspace  ] GC(25) Metaspace: 40506K(42624K)->40506K(42624K) NonClass: 35416K(36608K)->35416K(36608K) Class: 5090K(6016K)->5090K(6016K)
[2025-01-27T14:57:09.173+0000][gc            ] GC(25) Pause Young (Normal) (G1 Evacuation Pause) 205M->155M(1024M) 9.598ms
[2025-01-27T14:57:09.173+0000][gc,cpu        ] GC(25) User=0.01s Sys=0.00s Real=0.01s
[2025-01-27T14:57:59.400+0000][gc,start      ] GC(26) Pause Young (Normal) (G1 Evacuation Pause)
[2025-01-27T14:57:59.400+0000][gc,task       ] GC(26) Using 2 workers of 2 for evacuation
[2025-01-27T14:57:59.409+0000][gc,phases     ] GC(26)   Pre Evacuate Collection Set: 0.0ms
[2025-01-27T14:57:59.409+0000][gc,phases     ] GC(26)   Evacuate Collection Set: 8.9ms
[2025-01-27T14:57:59.409+0000][gc,phases     ] GC(26)   Post Evacuate Collection Set: 0.3ms
[2025-01-27T14:57:59.409+0000][gc,phases     ] GC(26)   Other: 0.2ms
[2025-01-27T14:57:59.409+0000][gc,heap       ] GC(26) Eden regions: 54->0(64)
[2025-01-27T14:57:59.409+0000][gc,heap       ] GC(26) Survivor regions: 4->4(8)
[2025-01-27T14:57:59.409+0000][gc,heap       ] GC(26) Old regions: 24->24
[2025-01-27T14:57:59.409+0000][gc,heap       ] GC(26) Humongous regions: 129->129
[2025-01-27T14:57:59.409+0000][gc,metaspace  ] GC(26) Metaspace: 40507K(42624K)->40507K(42624K) NonClass: 35417K(36608K)->35417K(36608K) Class: 5090K(6016K)->5090K(6016K)
[2025-01-27T14:57:59.409+0000][gc            ] GC(26) Pause Young (Normal) (G1 Evacuation Pause) 209M->155M(1024M) 9.569ms
[2025-01-27T14:57:59.409+0000][gc,cpu        ] GC(26) User=0.02s Sys=0.00s Real=0.01s
[2025-01-27T14:58:58.617+0000][gc,start      ] GC(27) Pause Young (Normal) (G1 Evacuation Pause)
[2025-01-27T14:58:58.617+0000][gc,task       ] GC(27) Using 2 workers of 2 for evacuation
[2025-01-27T14:58:58.627+0000][gc,phases     ] GC(27)   Pre Evacuate Collection Set: 0.0ms
[2025-01-27T14:58:58.628+0000][gc,phases     ] GC(27)   Evacuate Collection Set: 9.6ms
[2025-01-27T14:58:58.628+0000][gc,phases     ] GC(27)   Post Evacuate Collection Set: 0.3ms
[2025-01-27T14:58:58.628+0000][gc,phases     ] GC(27)   Other: 0.2ms
[2025-01-27T14:58:58.628+0000][gc,heap       ] GC(27) Eden regions: 64->0(66)
[2025-01-27T14:58:58.628+0000][gc,heap       ] GC(27) Survivor regions: 4->5(9)
[2025-01-27T14:58:58.628+0000][gc,heap       ] GC(27) Old regions: 24->24
[2025-01-27T14:58:58.628+0000][gc,heap       ] GC(27) Humongous regions: 129->129
[2025-01-27T14:58:58.628+0000][gc,metaspace  ] GC(27) Metaspace: 40518K(42624K)->40518K(42624K) NonClass: 35428K(36608K)->35428K(36608K) Class: 5090K(6016K)->5090K(6016K)
[2025-01-27T14:58:58.628+0000][gc            ] GC(27) Pause Young (Normal) (G1 Evacuation Pause) 219M->156M(1024M) 10.357ms
[2025-01-27T14:58:58.628+0000][gc,cpu        ] GC(27) User=0.02s Sys=0.00s Real=0.01s
[2025-01-27T14:59:59.804+0000][gc,start      ] GC(28) Pause Young (Normal) (G1 Evacuation Pause)
[2025-01-27T14:59:59.804+0000][gc,task       ] GC(28) Using 2 workers of 2 for evacuation
[2025-01-27T14:59:59.815+0000][gc,phases     ] GC(28)   Pre Evacuate Collection Set: 0.0ms
[2025-01-27T14:59:59.815+0000][gc,phases     ] GC(28)   Evacuate Collection Set: 10.3ms
[2025-01-27T14:59:59.815+0000][gc,phases     ] GC(28)   Post Evacuate Collection Set: 0.3ms
[2025-01-27T14:59:59.815+0000][gc,phases     ] GC(28)   Other: 0.2ms
[2025-01-27T14:59:59.815+0000][gc,heap       ] GC(28) Eden regions: 66->0(70)
[2025-01-27T14:59:59.815+0000][gc,heap       ] GC(28) Survivor regions: 5->5(9)
[2025-01-27T14:59:59.815+0000][gc,heap       ] GC(28) Old regions: 24->24
[2025-01-27T14:59:59.815+0000][gc,heap       ] GC(28) Humongous regions: 129->129
[2025-01-27T14:59:59.815+0000][gc,metaspace  ] GC(28) Metaspace: 40528K(42624K)->40528K(42624K) NonClass: 35438K(36608K)->35438K(36608K) Class: 5090K(6016K)->5090K(6016K)
[2025-01-27T14:59:59.815+0000][gc            ] GC(28) Pause Young (Normal) (G1 Evacuation Pause) 222M->156M(1024M) 11.092ms
[2025-01-27T14:59:59.815+0000][gc,cpu        ] GC(28) User=0.02s Sys=0.00s Real=0.01s
[2025-01-27T15:01:04.673+0000][gc,start      ] GC(29) Pause Young (Normal) (G1 Evacuation Pause)
[2025-01-27T15:01:04.673+0000][gc,task       ] GC(29) Using 2 workers of 2 for evacuation
[2025-01-27T15:01:04.687+0000][gc,phases     ] GC(29)   Pre Evacuate Collection Set: 0.0ms
[2025-01-27T15:01:04.687+0000][gc,phases     ] GC(29)   Evacuate Collection Set: 12.8ms
[2025-01-27T15:01:04.687+0000][gc,phases     ] GC(29)   Post Evacuate Collection Set: 0.3ms
[2025-01-27T15:01:04.687+0000][gc,phases     ] GC(29)   Other: 0.3ms
[2025-01-27T15:01:04.687+0000][gc,heap       ] GC(29) Eden regions: 70->0(72)
[2025-01-27T15:01:04.687+0000][gc,heap       ] GC(29) Survivor regions: 5->6(10)
[2025-01-27T15:01:04.687+0000][gc,heap       ] GC(29) Old regions: 24->24
[2025-01-27T15:01:04.687+0000][gc,heap       ] GC(29) Humongous regions: 129->129
[2025-01-27T15:01:04.687+0000][gc,metaspace  ] GC(29) Metaspace: 40530K(42624K)->40530K(42624K) NonClass: 35440K(36608K)->35440K(36608K) Class: 5090K(6016K)->5090K(6016K)
[2025-01-27T15:01:04.687+0000][gc            ] GC(29) Pause Young (Normal) (G1 Evacuation Pause) 226M->157M(1024M) 13.572ms
[2025-01-27T15:01:04.687+0000][gc,cpu        ] GC(29) User=0.02s Sys=0.00s Real=0.01s
[2025-01-27T15:02:11.449+0000][gc,start      ] GC(30) Pause Young (Normal) (G1 Evacuation Pause)
[2025-01-27T15:02:11.449+0000][gc,task       ] GC(30) Using 2 workers of 2 for evacuation
[2025-01-27T15:02:11.462+0000][gc,phases     ] GC(30)   Pre Evacuate Collection Set: 0.0ms
[2025-01-27T15:02:11.462+0000][gc,phases     ] GC(30)   Evacuate Collection Set: 12.3ms
[2025-01-27T15:02:11.462+0000][gc,phases     ] GC(30)   Post Evacuate Collection Set: 0.3ms
[2025-01-27T15:02:11.462+0000][gc,phases     ] GC(30)   Other: 0.3ms
[2025-01-27T15:02:11.462+0000][gc,heap       ] GC(30) Eden regions: 72->0(74)
[2025-01-27T15:02:11.462+0000][gc,heap       ] GC(30) Survivor regions: 6->7(10)
[2025-01-27T15:02:11.462+0000][gc,heap       ] GC(30) Old regions: 24->25
[2025-01-27T15:02:11.462+0000][gc,heap       ] GC(30) Humongous regions: 129->129
[2025-01-27T15:02:11.462+0000][gc,metaspace  ] GC(30) Metaspace: 40530K(42624K)->40530K(42624K) NonClass: 35440K(36608K)->35440K(36608K) Class: 5090K(6016K)->5090K(6016K)
[2025-01-27T15:02:11.462+0000][gc            ] GC(30) Pause Young (Normal) (G1 Evacuation Pause) 229M->158M(1024M) 13.119ms
[2025-01-27T15:02:11.462+0000][gc,cpu        ] GC(30) User=0.03s Sys=0.00s Real=0.01s
[2025-01-27T15:03:20.455+0000][gc,start      ] GC(31) Pause Young (Normal) (G1 Evacuation Pause)
[2025-01-27T15:03:20.455+0000][gc,task       ] GC(31) Using 2 workers of 2 for evacuation
[2025-01-27T15:03:20.476+0000][gc,mmu        ] GC(31) MMU target violated: 20.7ms (20.0ms/21.0ms)
[2025-01-27T15:03:20.476+0000][gc,phases     ] GC(31)   Pre Evacuate Collection Set: 0.0ms
[2025-01-27T15:03:20.476+0000][gc,phases     ] GC(31)   Evacuate Collection Set: 20.3ms
[2025-01-27T15:03:20.476+0000][gc,phases     ] GC(31)   Post Evacuate Collection Set: 0.3ms
[2025-01-27T15:03:20.476+0000][gc,phases     ] GC(31)   Other: 0.8ms
[2025-01-27T15:03:20.476+0000][gc,heap       ] GC(31) Eden regions: 74->0(174)
[2025-01-27T15:03:20.476+0000][gc,heap       ] GC(31) Survivor regions: 7->7(11)
[2025-01-27T15:03:20.476+0000][gc,heap       ] GC(31) Old regions: 25->26
[2025-01-27T15:03:20.476+0000][gc,heap       ] GC(31) Humongous regions: 129->129
[2025-01-27T15:03:20.476+0000][gc,metaspace  ] GC(31) Metaspace: 40533K(42624K)->40533K(42624K) NonClass: 35443K(36608K)->35443K(36608K) Class: 5090K(6016K)->5090K(6016K)
[2025-01-27T15:03:20.476+0000][gc            ] GC(31) Pause Young (Normal) (G1 Evacuation Pause) 232M->159M(1024M) 21.884ms
[2025-01-27T15:03:20.476+0000][gc,cpu        ] GC(31) User=0.02s Sys=0.00s Real=0.03s
[2025-01-27T15:04:38.042+0000][gc,start      ] GC(32) Pause Young (Normal) (G1 Evacuation Pause)
[2025-01-27T15:04:38.042+0000][gc,task       ] GC(32) Using 2 workers of 2 for evacuation
[2025-01-27T15:04:38.062+0000][gc,mmu        ] GC(32) MMU target violated: 20.1ms (20.0ms/21.0ms)
[2025-01-27T15:04:38.062+0000][gc,phases     ] GC(32)   Pre Evacuate Collection Set: 0.0ms
[2025-01-27T15:04:38.062+0000][gc,phases     ] GC(32)   Evacuate Collection Set: 19.6ms
[2025-01-27T15:04:38.062+0000][gc,phases     ] GC(32)   Post Evacuate Collection Set: 0.4ms
[2025-01-27T15:04:38.062+0000][gc,phases     ] GC(32)   Other: 0.3ms
[2025-01-27T15:04:38.062+0000][gc,heap       ] GC(32) Eden regions: 87->0(69)
[2025-01-27T15:04:38.062+0000][gc,heap       ] GC(32) Survivor regions: 7->10(12)
[2025-01-27T15:04:38.062+0000][gc,heap       ] GC(32) Old regions: 26->26
[2025-01-27T15:04:38.062+0000][gc,heap       ] GC(32) Humongous regions: 129->129
[2025-01-27T15:04:38.062+0000][gc,metaspace  ] GC(32) Metaspace: 40567K(42624K)->40567K(42624K) NonClass: 35467K(36608K)->35467K(36608K) Class: 5100K(6016K)->5100K(6016K)
[2025-01-27T15:04:38.062+0000][gc            ] GC(32) Pause Young (Normal) (G1 Evacuation Pause) 246M->162M(1024M) 20.421ms
[2025-01-27T15:04:38.062+0000][gc,cpu        ] GC(32) User=0.04s Sys=0.00s Real=0.02s
[2025-01-27T15:05:23.599+0000][gc,start      ] GC(33) Pause Young (Normal) (G1 Evacuation Pause)
[2025-01-27T15:05:23.599+0000][gc,task       ] GC(33) Using 2 workers of 2 for evacuation
[2025-01-27T15:05:23.618+0000][gc,phases     ] GC(33)   Pre Evacuate Collection Set: 0.0ms
[2025-01-27T15:05:23.618+0000][gc,phases     ] GC(33)   Evacuate Collection Set: 18.7ms
[2025-01-27T15:05:23.618+0000][gc,phases     ] GC(33)   Post Evacuate Collection Set: 0.3ms
[2025-01-27T15:05:23.618+0000][gc,phases     ] GC(33)   Other: 0.3ms
[2025-01-27T15:05:23.618+0000][gc,heap       ] GC(33) Eden regions: 50->0(62)
[2025-01-27T15:05:23.618+0000][gc,heap       ] GC(33) Survivor regions: 10->4(8)
[2025-01-27T15:05:23.619+0000][gc,heap       ] GC(33) Old regions: 26->31
[2025-01-27T15:05:23.619+0000][gc,heap       ] GC(33) Humongous regions: 129->129
[2025-01-27T15:05:23.619+0000][gc,metaspace  ] GC(33) Metaspace: 40567K(42624K)->40567K(42624K) NonClass: 35467K(36608K)->35467K(36608K) Class: 5100K(6016K)->5100K(6016K)
[2025-01-27T15:05:23.619+0000][gc            ] GC(33) Pause Young (Normal) (G1 Evacuation Pause) 212M->162M(1024M) 19.467ms
[2025-01-27T15:05:23.619+0000][gc,cpu        ] GC(33) User=0.04s Sys=0.00s Real=0.02s
[2025-01-27T15:06:20.671+0000][gc,start      ] GC(34) Pause Young (Normal) (G1 Evacuation Pause)
[2025-01-27T15:06:20.672+0000][gc,task       ] GC(34) Using 2 workers of 2 for evacuation
[2025-01-27T15:06:20.683+0000][gc,phases     ] GC(34)   Pre Evacuate Collection Set: 0.0ms
[2025-01-27T15:06:20.683+0000][gc,phases     ] GC(34)   Evacuate Collection Set: 10.9ms
[2025-01-27T15:06:20.683+0000][gc,phases     ] GC(34)   Post Evacuate Collection Set: 0.3ms
[2025-01-27T15:06:20.683+0000][gc,phases     ] GC(34)   Other: 0.6ms
[2025-01-27T15:06:20.683+0000][gc,heap       ] GC(34) Eden regions: 62->0(65)
[2025-01-27T15:06:20.683+0000][gc,heap       ] GC(34) Survivor regions: 4->4(9)
[2025-01-27T15:06:20.683+0000][gc,heap       ] GC(34) Old regions: 31->31
[2025-01-27T15:06:20.683+0000][gc,heap       ] GC(34) Humongous regions: 129->129
[2025-01-27T15:06:20.683+0000][gc,metaspace  ] GC(34) Metaspace: 40570K(42624K)->40570K(42624K) NonClass: 35469K(36608K)->35469K(36608K) Class: 5100K(6016K)->5100K(6016K)
[2025-01-27T15:06:20.683+0000][gc            ] GC(34) Pause Young (Normal) (G1 Evacuation Pause) 224M->162M(1024M) 11.934ms
[2025-01-27T15:06:20.683+0000][gc,cpu        ] GC(34) User=0.02s Sys=0.00s Real=0.01s
[2025-01-27T15:07:21.153+0000][gc,start      ] GC(35) Pause Young (Normal) (G1 Evacuation Pause)
[2025-01-27T15:07:21.153+0000][gc,task       ] GC(35) Using 2 workers of 2 for evacuation
[2025-01-27T15:07:21.164+0000][gc,phases     ] GC(35)   Pre Evacuate Collection Set: 0.0ms
[2025-01-27T15:07:21.164+0000][gc,phases     ] GC(35)   Evacuate Collection Set: 10.7ms
[2025-01-27T15:07:21.164+0000][gc,phases     ] GC(35)   Post Evacuate Collection Set: 0.3ms
[2025-01-27T15:07:21.164+0000][gc,phases     ] GC(35)   Other: 0.2ms
[2025-01-27T15:07:21.164+0000][gc,heap       ] GC(35) Eden regions: 65->0(66)
[2025-01-27T15:07:21.164+0000][gc,heap       ] GC(35) Survivor regions: 4->4(9)
[2025-01-27T15:07:21.164+0000][gc,heap       ] GC(35) Old regions: 31->31
[2025-01-27T15:07:21.164+0000][gc,heap       ] GC(35) Humongous regions: 129->129
[2025-01-27T15:07:21.164+0000][gc,metaspace  ] GC(35) Metaspace: 40571K(42624K)->40571K(42624K) NonClass: 35470K(36608K)->35470K(36608K) Class: 5100K(6016K)->5100K(6016K)
[2025-01-27T15:07:21.164+0000][gc            ] GC(35) Pause Young (Normal) (G1 Evacuation Pause) 227M->162M(1024M) 11.420ms
[2025-01-27T15:07:21.164+0000][gc,cpu        ] GC(35) User=0.02s Sys=0.00s Real=0.01s
[2025-01-27T15:08:20.714+0000][gc,start      ] GC(36) Pause Young (Normal) (G1 Evacuation Pause)
[2025-01-27T15:08:20.714+0000][gc,task       ] GC(36) Using 2 workers of 2 for evacuation
[2025-01-27T15:08:20.724+0000][gc,phases     ] GC(36)   Pre Evacuate Collection Set: 0.0ms
[2025-01-27T15:08:20.724+0000][gc,phases     ] GC(36)   Evacuate Collection Set: 9.6ms
[2025-01-27T15:08:20.724+0000][gc,phases     ] GC(36)   Post Evacuate Collection Set: 0.3ms
[2025-01-27T15:08:20.724+0000][gc,phases     ] GC(36)   Other: 0.2ms
[2025-01-27T15:08:20.724+0000][gc,heap       ] GC(36) Eden regions: 64->0(68)
[2025-01-27T15:08:20.724+0000][gc,heap       ] GC(36) Survivor regions: 4->4(9)
[2025-01-27T15:08:20.724+0000][gc,heap       ] GC(36) Old regions: 31->31
[2025-01-27T15:08:20.724+0000][gc,heap       ] GC(36) Humongous regions: 129->129
[2025-01-27T15:08:20.724+0000][gc,metaspace  ] GC(36) Metaspace: 40594K(42624K)->40594K(42624K) NonClass: 35493K(36608K)->35493K(36608K) Class: 5100K(6016K)->5100K(6016K)
[2025-01-27T15:08:20.724+0000][gc            ] GC(36) Pause Young (Normal) (G1 Evacuation Pause) 226M->162M(1024M) 10.376ms
[2025-01-27T15:08:20.725+0000][gc,cpu        ] GC(36) User=0.02s Sys=0.00s Real=0.01s
[2025-01-27T15:09:23.912+0000][gc,start      ] GC(37) Pause Young (Normal) (G1 Evacuation Pause)
[2025-01-27T15:09:23.912+0000][gc,task       ] GC(37) Using 2 workers of 2 for evacuation
[2025-01-27T15:09:23.923+0000][gc,phases     ] GC(37)   Pre Evacuate Collection Set: 0.0ms
[2025-01-27T15:09:23.923+0000][gc,phases     ] GC(37)   Evacuate Collection Set: 9.7ms
[2025-01-27T15:09:23.923+0000][gc,phases     ] GC(37)   Post Evacuate Collection Set: 0.3ms
[2025-01-27T15:09:23.923+0000][gc,phases     ] GC(37)   Other: 0.2ms
[2025-01-27T15:09:23.923+0000][gc,heap       ] GC(37) Eden regions: 68->0(70)
[2025-01-27T15:09:23.923+0000][gc,heap       ] GC(37) Survivor regions: 4->4(9)
[2025-01-27T15:09:23.923+0000][gc,heap       ] GC(37) Old regions: 31->31
[2025-01-27T15:09:23.923+0000][gc,heap       ] GC(37) Humongous regions: 129->129
[2025-01-27T15:09:23.923+0000][gc,metaspace  ] GC(37) Metaspace: 40605K(42624K)->40605K(42624K) NonClass: 35505K(36608K)->35505K(36608K) Class: 5100K(6016K)->5100K(6016K)
[2025-01-27T15:09:23.923+0000][gc            ] GC(37) Pause Young (Normal) (G1 Evacuation Pause) 230M->162M(1024M) 10.482ms
[2025-01-27T15:09:23.923+0000][gc,cpu        ] GC(37) User=0.01s Sys=0.00s Real=0.01s
[2025-01-27T15:10:27.037+0000][gc,start      ] GC(38) Pause Young (Normal) (G1 Evacuation Pause)
[2025-01-27T15:10:27.038+0000][gc,task       ] GC(38) Using 2 workers of 2 for evacuation
[2025-01-27T15:10:27.048+0000][gc,phases     ] GC(38)   Pre Evacuate Collection Set: 0.0ms
[2025-01-27T15:10:27.048+0000][gc,phases     ] GC(38)   Evacuate Collection Set: 9.7ms
[2025-01-27T15:10:27.048+0000][gc,phases     ] GC(38)   Post Evacuate Collection Set: 0.5ms
[2025-01-27T15:10:27.048+0000][gc,phases     ] GC(38)   Other: 0.2ms
[2025-01-27T15:10:27.048+0000][gc,heap       ] GC(38) Eden regions: 68->0(71)
[2025-01-27T15:10:27.048+0000][gc,heap       ] GC(38) Survivor regions: 4->4(9)
[2025-01-27T15:10:27.048+0000][gc,heap       ] GC(38) Old regions: 31->31
[2025-01-27T15:10:27.048+0000][gc,heap       ] GC(38) Humongous regions: 129->129
[2025-01-27T15:10:27.048+0000][gc,metaspace  ] GC(38) Metaspace: 40605K(42624K)->40605K(42624K) NonClass: 35505K(36608K)->35505K(36608K) Class: 5100K(6016K)->5100K(6016K)
[2025-01-27T15:10:27.048+0000][gc            ] GC(38) Pause Young (Normal) (G1 Evacuation Pause) 230M->162M(1024M) 10.568ms
[2025-01-27T15:10:27.048+0000][gc,cpu        ] GC(38) User=0.02s Sys=0.00s Real=0.01s
[2025-01-27T15:11:32.771+0000][gc,start      ] GC(39) Pause Young (Normal) (G1 Evacuation Pause)
[2025-01-27T15:11:32.771+0000][gc,task       ] GC(39) Using 2 workers of 2 for evacuation
[2025-01-27T15:11:32.781+0000][gc,phases     ] GC(39)   Pre Evacuate Collection Set: 0.0ms
[2025-01-27T15:11:32.781+0000][gc,phases     ] GC(39)   Evacuate Collection Set: 9.8ms
[2025-01-27T15:11:32.781+0000][gc,phases     ] GC(39)   Post Evacuate Collection Set: 0.3ms
[2025-01-27T15:11:32.781+0000][gc,phases     ] GC(39)   Other: 0.3ms
[2025-01-27T15:11:32.781+0000][gc,heap       ] GC(39) Eden regions: 71->0(73)
[2025-01-27T15:11:32.781+0000][gc,heap       ] GC(39) Survivor regions: 4->4(10)
[2025-01-27T15:11:32.781+0000][gc,heap       ] GC(39) Old regions: 31->31
[2025-01-27T15:11:32.781+0000][gc,heap       ] GC(39) Humongous regions: 129->129
[2025-01-27T15:11:32.781+0000][gc,metaspace  ] GC(39) Metaspace: 40607K(42624K)->40607K(42624K) NonClass: 35507K(36608K)->35507K(36608K) Class: 5100K(6016K)->5100K(6016K)
[2025-01-27T15:11:32.781+0000][gc            ] GC(39) Pause Young (Normal) (G1 Evacuation Pause) 233M->162M(1024M) 10.542ms
[2025-01-27T15:11:32.782+0000][gc,cpu        ] GC(39) User=0.02s Sys=0.00s Real=0.01s
[2025-01-27T15:12:41.088+0000][gc,start      ] GC(40) Pause Young (Normal) (G1 Evacuation Pause)
[2025-01-27T15:12:41.088+0000][gc,task       ] GC(40) Using 2 workers of 2 for evacuation
[2025-01-27T15:12:41.098+0000][gc,phases     ] GC(40)   Pre Evacuate Collection Set: 0.0ms
[2025-01-27T15:12:41.098+0000][gc,phases     ] GC(40)   Evacuate Collection Set: 9.6ms
[2025-01-27T15:12:41.098+0000][gc,phases     ] GC(40)   Post Evacuate Collection Set: 0.3ms
[2025-01-27T15:12:41.098+0000][gc,phases     ] GC(40)   Other: 0.2ms
[2025-01-27T15:12:41.098+0000][gc,heap       ] GC(40) Eden regions: 73->0(75)
[2025-01-27T15:12:41.098+0000][gc,heap       ] GC(40) Survivor regions: 4->4(10)
[2025-01-27T15:12:41.098+0000][gc,heap       ] GC(40) Old regions: 31->31
[2025-01-27T15:12:41.098+0000][gc,heap       ] GC(40) Humongous regions: 129->129
[2025-01-27T15:12:41.098+0000][gc,metaspace  ] GC(40) Metaspace: 40614K(42624K)->40614K(42624K) NonClass: 35514K(36608K)->35514K(36608K) Class: 5100K(6016K)->5100K(6016K)
[2025-01-27T15:12:41.098+0000][gc            ] GC(40) Pause Young (Normal) (G1 Evacuation Pause) 235M->162M(1024M) 10.352ms
[2025-01-27T15:12:41.098+0000][gc,cpu        ] GC(40) User=0.02s Sys=0.00s Real=0.01s
[2025-01-27T15:13:50.548+0000][gc,start      ] GC(41) Pause Young (Normal) (G1 Evacuation Pause)
[2025-01-27T15:13:50.548+0000][gc,task       ] GC(41) Using 2 workers of 2 for evacuation
[2025-01-27T15:13:50.563+0000][gc,phases     ] GC(41)   Pre Evacuate Collection Set: 0.2ms
[2025-01-27T15:13:50.563+0000][gc,phases     ] GC(41)   Evacuate Collection Set: 14.7ms
[2025-01-27T15:13:50.563+0000][gc,phases     ] GC(41)   Post Evacuate Collection Set: 0.4ms
[2025-01-27T15:13:50.563+0000][gc,phases     ] GC(41)   Other: 0.2ms
[2025-01-27T15:13:50.563+0000][gc,heap       ] GC(41) Eden regions: 75->0(75)
[2025-01-27T15:13:50.563+0000][gc,heap       ] GC(41) Survivor regions: 4->5(10)
[2025-01-27T15:13:50.563+0000][gc,heap       ] GC(41) Old regions: 31->31
[2025-01-27T15:13:50.563+0000][gc,heap       ] GC(41) Humongous regions: 129->129
[2025-01-27T15:13:50.563+0000][gc,metaspace  ] GC(41) Metaspace: 40615K(42624K)->40615K(42624K) NonClass: 35514K(36608K)->35514K(36608K) Class: 5100K(6016K)->5100K(6016K)
[2025-01-27T15:13:50.564+0000][gc            ] GC(41) Pause Young (Normal) (G1 Evacuation Pause) 237M->163M(1024M) 15.537ms
[2025-01-27T15:13:50.564+0000][gc,cpu        ] GC(41) User=0.02s Sys=0.00s Real=0.01s
[2025-01-27T15:14:59.909+0000][gc,start      ] GC(42) Pause Young (Normal) (G1 Evacuation Pause)
[2025-01-27T15:14:59.909+0000][gc,task       ] GC(42) Using 2 workers of 2 for evacuation
[2025-01-27T15:14:59.919+0000][gc,phases     ] GC(42)   Pre Evacuate Collection Set: 0.0ms
[2025-01-27T15:14:59.919+0000][gc,phases     ] GC(42)   Evacuate Collection Set: 9.9ms
[2025-01-27T15:14:59.919+0000][gc,phases     ] GC(42)   Post Evacuate Collection Set: 0.4ms
[2025-01-27T15:14:59.920+0000][gc,phases     ] GC(42)   Other: 0.2ms
[2025-01-27T15:14:59.920+0000][gc,heap       ] GC(42) Eden regions: 75->0(77)
[2025-01-27T15:14:59.920+0000][gc,heap       ] GC(42) Survivor regions: 5->5(10)
[2025-01-27T15:14:59.920+0000][gc,heap       ] GC(42) Old regions: 31->31
[2025-01-27T15:14:59.920+0000][gc,heap       ] GC(42) Humongous regions: 129->129
[2025-01-27T15:14:59.920+0000][gc,metaspace  ] GC(42) Metaspace: 40631K(42624K)->40631K(42624K) NonClass: 35528K(36608K)->35528K(36608K) Class: 5102K(6016K)->5102K(6016K)
[2025-01-27T15:14:59.920+0000][gc            ] GC(42) Pause Young (Normal) (G1 Evacuation Pause) 238M->163M(1024M) 10.783ms
[2025-01-27T15:14:59.920+0000][gc,cpu        ] GC(42) User=0.02s Sys=0.00s Real=0.01s
[2025-01-27T15:16:11.129+0000][gc,start      ] GC(43) Pause Young (Normal) (G1 Evacuation Pause)
[2025-01-27T15:16:11.129+0000][gc,task       ] GC(43) Using 2 workers of 2 for evacuation
[2025-01-27T15:16:11.140+0000][gc,phases     ] GC(43)   Pre Evacuate Collection Set: 0.0ms
[2025-01-27T15:16:11.140+0000][gc,phases     ] GC(43)   Evacuate Collection Set: 9.9ms
[2025-01-27T15:16:11.140+0000][gc,phases     ] GC(43)   Post Evacuate Collection Set: 0.4ms
[2025-01-27T15:16:11.140+0000][gc,phases     ] GC(43)   Other: 0.2ms
[2025-01-27T15:16:11.140+0000][gc,heap       ] GC(43) Eden regions: 77->0(79)
[2025-01-27T15:16:11.140+0000][gc,heap       ] GC(43) Survivor regions: 5->5(11)
[2025-01-27T15:16:11.140+0000][gc,heap       ] GC(43) Old regions: 31->31
[2025-01-27T15:16:11.140+0000][gc,heap       ] GC(43) Humongous regions: 129->129
[2025-01-27T15:16:11.140+0000][gc,metaspace  ] GC(43) Metaspace: 40631K(42624K)->40631K(42624K) NonClass: 35528K(36608K)->35528K(36608K) Class: 5102K(6016K)->5102K(6016K)
[2025-01-27T15:16:11.140+0000][gc            ] GC(43) Pause Young (Normal) (G1 Evacuation Pause) 240M->163M(1024M) 10.751ms
[2025-01-27T15:16:11.140+0000][gc,cpu        ] GC(43) User=0.02s Sys=0.00s Real=0.01s
[2025-01-27T15:17:24.234+0000][gc,start      ] GC(44) Pause Young (Normal) (G1 Evacuation Pause)
[2025-01-27T15:17:24.234+0000][gc,task       ] GC(44) Using 2 workers of 2 for evacuation
[2025-01-27T15:17:24.245+0000][gc,phases     ] GC(44)   Pre Evacuate Collection Set: 0.0ms
[2025-01-27T15:17:24.245+0000][gc,phases     ] GC(44)   Evacuate Collection Set: 10.0ms
[2025-01-27T15:17:24.245+0000][gc,phases     ] GC(44)   Post Evacuate Collection Set: 0.3ms
[2025-01-27T15:17:24.245+0000][gc,phases     ] GC(44)   Other: 0.2ms
[2025-01-27T15:17:24.245+0000][gc,heap       ] GC(44) Eden regions: 79->0(82)
[2025-01-27T15:17:24.245+0000][gc,heap       ] GC(44) Survivor regions: 5->4(11)
[2025-01-27T15:17:24.245+0000][gc,heap       ] GC(44) Old regions: 31->31
[2025-01-27T15:17:24.245+0000][gc,heap       ] GC(44) Humongous regions: 129->129
[2025-01-27T15:17:24.245+0000][gc,metaspace  ] GC(44) Metaspace: 40631K(42624K)->40631K(42624K) NonClass: 35528K(36608K)->35528K(36608K) Class: 5102K(6016K)->5102K(6016K)
[2025-01-27T15:17:24.245+0000][gc            ] GC(44) Pause Young (Normal) (G1 Evacuation Pause) 242M->162M(1024M) 10.744ms
[2025-01-27T15:17:24.245+0000][gc,cpu        ] GC(44) User=0.02s Sys=0.00s Real=0.01s
[2025-01-27T15:18:40.210+0000][gc,start      ] GC(45) Pause Young (Normal) (G1 Evacuation Pause)
[2025-01-27T15:18:40.210+0000][gc,task       ] GC(45) Using 2 workers of 2 for evacuation
[2025-01-27T15:18:40.222+0000][gc,phases     ] GC(45)   Pre Evacuate Collection Set: 0.0ms
[2025-01-27T15:18:40.222+0000][gc,phases     ] GC(45)   Evacuate Collection Set: 11.4ms
[2025-01-27T15:18:40.222+0000][gc,phases     ] GC(45)   Post Evacuate Collection Set: 0.3ms
[2025-01-27T15:18:40.222+0000][gc,phases     ] GC(45)   Other: 0.2ms
[2025-01-27T15:18:40.222+0000][gc,heap       ] GC(45) Eden regions: 82->0(83)
[2025-01-27T15:18:40.222+0000][gc,heap       ] GC(45) Survivor regions: 4->4(11)
[2025-01-27T15:18:40.222+0000][gc,heap       ] GC(45) Old regions: 31->31
[2025-01-27T15:18:40.222+0000][gc,heap       ] GC(45) Humongous regions: 129->129
[2025-01-27T15:18:40.222+0000][gc,metaspace  ] GC(45) Metaspace: 40631K(42624K)->40631K(42624K) NonClass: 35528K(36608K)->35528K(36608K) Class: 5102K(6016K)->5102K(6016K)
[2025-01-27T15:18:40.222+0000][gc            ] GC(45) Pause Young (Normal) (G1 Evacuation Pause) 244M->162M(1024M) 12.047ms
[2025-01-27T15:18:40.222+0000][gc,cpu        ] GC(45) User=0.02s Sys=0.00s Real=0.01s
[2025-01-27T15:19:55.548+0000][gc,start      ] GC(46) Pause Young (Normal) (G1 Evacuation Pause)
[2025-01-27T15:19:55.548+0000][gc,task       ] GC(46) Using 2 workers of 2 for evacuation
[2025-01-27T15:19:55.560+0000][gc,phases     ] GC(46)   Pre Evacuate Collection Set: 0.0ms
[2025-01-27T15:19:55.560+0000][gc,phases     ] GC(46)   Evacuate Collection Set: 10.5ms
[2025-01-27T15:19:55.560+0000][gc,phases     ] GC(46)   Post Evacuate Collection Set: 0.9ms
[2025-01-27T15:19:55.560+0000][gc,phases     ] GC(46)   Other: 0.2ms
[2025-01-27T15:19:55.560+0000][gc,heap       ] GC(46) Eden regions: 81->0(85)
[2025-01-27T15:19:55.560+0000][gc,heap       ] GC(46) Survivor regions: 4->5(11)
[2025-01-27T15:19:55.560+0000][gc,heap       ] GC(46) Old regions: 31->31
[2025-01-27T15:19:55.560+0000][gc,heap       ] GC(46) Humongous regions: 129->129
[2025-01-27T15:19:55.560+0000][gc,metaspace  ] GC(46) Metaspace: 40637K(42624K)->40637K(42624K) NonClass: 35535K(36608K)->35535K(36608K) Class: 5102K(6016K)->5102K(6016K)
[2025-01-27T15:19:55.560+0000][gc            ] GC(46) Pause Young (Normal) (G1 Evacuation Pause) 243M->163M(1024M) 11.751ms
[2025-01-27T15:19:55.560+0000][gc,cpu        ] GC(46) User=0.02s Sys=0.00s Real=0.01s
[2025-01-27T15:21:14.618+0000][gc,start      ] GC(47) Pause Young (Normal) (G1 Evacuation Pause)
[2025-01-27T15:21:14.618+0000][gc,task       ] GC(47) Using 2 workers of 2 for evacuation
[2025-01-27T15:21:14.629+0000][gc,phases     ] GC(47)   Pre Evacuate Collection Set: 0.0ms
[2025-01-27T15:21:14.629+0000][gc,phases     ] GC(47)   Evacuate Collection Set: 10.9ms
[2025-01-27T15:21:14.629+0000][gc,phases     ] GC(47)   Post Evacuate Collection Set: 0.3ms
[2025-01-27T15:21:14.630+0000][gc,phases     ] GC(47)   Other: 0.3ms
[2025-01-27T15:21:14.630+0000][gc,heap       ] GC(47) Eden regions: 85->0(90)
[2025-01-27T15:21:14.630+0000][gc,heap       ] GC(47) Survivor regions: 5->2(12)
[2025-01-27T15:21:14.630+0000][gc,heap       ] GC(47) Old regions: 31->34
[2025-01-27T15:21:14.630+0000][gc,heap       ] GC(47) Humongous regions: 129->129
[2025-01-27T15:21:14.630+0000][gc,metaspace  ] GC(47) Metaspace: 40638K(42624K)->40638K(42624K) NonClass: 35536K(36608K)->35536K(36608K) Class: 5102K(6016K)->5102K(6016K)
[2025-01-27T15:21:14.630+0000][gc            ] GC(47) Pause Young (Normal) (G1 Evacuation Pause) 248M->163M(1024M) 11.673ms
[2025-01-27T15:21:14.630+0000][gc,cpu        ] GC(47) User=0.02s Sys=0.00s Real=0.01s
[2025-01-27T15:22:38.016+0000][gc,start      ] GC(48) Pause Young (Normal) (G1 Evacuation Pause)
[2025-01-27T15:22:38.016+0000][gc,task       ] GC(48) Using 2 workers of 2 for evacuation
[2025-01-27T15:22:38.020+0000][gc,phases     ] GC(48)   Pre Evacuate Collection Set: 0.0ms
[2025-01-27T15:22:38.020+0000][gc,phases     ] GC(48)   Evacuate Collection Set: 3.1ms
[2025-01-27T15:22:38.020+0000][gc,phases     ] GC(48)   Post Evacuate Collection Set: 0.3ms
[2025-01-27T15:22:38.020+0000][gc,phases     ] GC(48)   Other: 0.2ms
[2025-01-27T15:22:38.020+0000][gc,heap       ] GC(48) Eden regions: 90->0(124)
[2025-01-27T15:22:38.020+0000][gc,heap       ] GC(48) Survivor regions: 2->2(12)
[2025-01-27T15:22:38.020+0000][gc,heap       ] GC(48) Old regions: 34->35
[2025-01-27T15:22:38.020+0000][gc,heap       ] GC(48) Humongous regions: 129->129
[2025-01-27T15:22:38.020+0000][gc,metaspace  ] GC(48) Metaspace: 40641K(42624K)->40641K(42624K) NonClass: 35538K(36608K)->35538K(36608K) Class: 5102K(6016K)->5102K(6016K)
[2025-01-27T15:22:38.020+0000][gc            ] GC(48) Pause Young (Normal) (G1 Evacuation Pause) 253M->163M(1024M) 3.724ms
[2025-01-27T15:22:38.020+0000][gc,cpu        ] GC(48) User=0.01s Sys=0.00s Real=0.00s
[2025-01-27T15:24:32.833+0000][gc,start      ] GC(49) Pause Young (Normal) (G1 Evacuation Pause)
[2025-01-27T15:24:32.834+0000][gc,task       ] GC(49) Using 2 workers of 2 for evacuation
[2025-01-27T15:24:32.838+0000][gc,phases     ] GC(49)   Pre Evacuate Collection Set: 0.0ms
[2025-01-27T15:24:32.838+0000][gc,phases     ] GC(49)   Evacuate Collection Set: 3.6ms
[2025-01-27T15:24:32.838+0000][gc,phases     ] GC(49)   Post Evacuate Collection Set: 0.3ms
[2025-01-27T15:24:32.838+0000][gc,phases     ] GC(49)   Other: 0.3ms
[2025-01-27T15:24:32.838+0000][gc,heap       ] GC(49) Eden regions: 124->0(213)
[2025-01-27T15:24:32.838+0000][gc,heap       ] GC(49) Survivor regions: 2->2(16)
[2025-01-27T15:24:32.838+0000][gc,heap       ] GC(49) Old regions: 35->35
[2025-01-27T15:24:32.838+0000][gc,heap       ] GC(49) Humongous regions: 129->129
[2025-01-27T15:24:32.838+0000][gc,metaspace  ] GC(49) Metaspace: 40645K(42624K)->40645K(42624K) NonClass: 35542K(36608K)->35542K(36608K) Class: 5102K(6016K)->5102K(6016K)
[2025-01-27T15:24:32.838+0000][gc            ] GC(49) Pause Young (Normal) (G1 Evacuation Pause) 287M->163M(1024M) 4.280ms
[2025-01-27T15:24:32.838+0000][gc,cpu        ] GC(49) User=0.00s Sys=0.00s Real=0.01s
[2025-01-27T15:27:50.548+0000][gc,start      ] GC(50) Pause Young (Normal) (G1 Evacuation Pause)
[2025-01-27T15:27:50.548+0000][gc,task       ] GC(50) Using 2 workers of 2 for evacuation
[2025-01-27T15:27:50.553+0000][gc,phases     ] GC(50)   Pre Evacuate Collection Set: 0.0ms
[2025-01-27T15:27:50.553+0000][gc,phases     ] GC(50)   Evacuate Collection Set: 4.2ms
[2025-01-27T15:27:50.553+0000][gc,phases     ] GC(50)   Post Evacuate Collection Set: 0.4ms
[2025-01-27T15:27:50.553+0000][gc,phases     ] GC(50)   Other: 0.3ms
[2025-01-27T15:27:50.553+0000][gc,heap       ] GC(50) Eden regions: 213->0(258)
[2025-01-27T15:27:50.553+0000][gc,heap       ] GC(50) Survivor regions: 2->2(27)
[2025-01-27T15:27:50.553+0000][gc,heap       ] GC(50) Old regions: 35->35
[2025-01-27T15:27:50.553+0000][gc,heap       ] GC(50) Humongous regions: 129->129
[2025-01-27T15:27:50.553+0000][gc,metaspace  ] GC(50) Metaspace: 40649K(42624K)->40649K(42624K) NonClass: 35546K(36608K)->35546K(36608K) Class: 5102K(6016K)->5102K(6016K)
[2025-01-27T15:27:50.553+0000][gc            ] GC(50) Pause Young (Normal) (G1 Evacuation Pause) 376M->163M(1024M) 5.083ms
[2025-01-27T15:27:50.553+0000][gc,cpu        ] GC(50) User=0.01s Sys=0.00s Real=0.00s
[2025-01-27T15:31:50.627+0000][gc,start      ] GC(51) Pause Young (Normal) (G1 Evacuation Pause)
[2025-01-27T15:31:50.627+0000][gc,task       ] GC(51) Using 2 workers of 2 for evacuation
[2025-01-27T15:31:50.632+0000][gc,phases     ] GC(51)   Pre Evacuate Collection Set: 0.0ms
[2025-01-27T15:31:50.632+0000][gc,phases     ] GC(51)   Evacuate Collection Set: 4.5ms
[2025-01-27T15:31:50.632+0000][gc,phases     ] GC(51)   Post Evacuate Collection Set: 0.4ms
[2025-01-27T15:31:50.632+0000][gc,phases     ] GC(51)   Other: 0.2ms
[2025-01-27T15:31:50.632+0000][gc,heap       ] GC(51) Eden regions: 258->0(279)
[2025-01-27T15:31:50.632+0000][gc,heap       ] GC(51) Survivor regions: 2->2(33)
[2025-01-27T15:31:50.632+0000][gc,heap       ] GC(51) Old regions: 35->35
[2025-01-27T15:31:50.632+0000][gc,heap       ] GC(51) Humongous regions: 129->129
[2025-01-27T15:31:50.632+0000][gc,metaspace  ] GC(51) Metaspace: 40655K(42624K)->40655K(42624K) NonClass: 35552K(36608K)->35552K(36608K) Class: 5102K(6016K)->5102K(6016K)
[2025-01-27T15:31:50.632+0000][gc            ] GC(51) Pause Young (Normal) (G1 Evacuation Pause) 421M->163M(1024M) 5.242ms
[2025-01-27T15:31:50.632+0000][gc,cpu        ] GC(51) User=0.00s Sys=0.01s Real=0.01s
[2025-01-27T15:36:10.213+0000][gc,start      ] GC(52) Pause Young (Normal) (G1 Evacuation Pause)
[2025-01-27T15:36:10.213+0000][gc,task       ] GC(52) Using 2 workers of 2 for evacuation
[2025-01-27T15:36:10.219+0000][gc,phases     ] GC(52)   Pre Evacuate Collection Set: 0.0ms
[2025-01-27T15:36:10.219+0000][gc,phases     ] GC(52)   Evacuate Collection Set: 4.7ms
[2025-01-27T15:36:10.219+0000][gc,phases     ] GC(52)   Post Evacuate Collection Set: 0.6ms
[2025-01-27T15:36:10.219+0000][gc,phases     ] GC(52)   Other: 0.3ms
[2025-01-27T15:36:10.219+0000][gc,heap       ] GC(52) Eden regions: 279->0(290)
[2025-01-27T15:36:10.219+0000][gc,heap       ] GC(52) Survivor regions: 2->2(36)
[2025-01-27T15:36:10.219+0000][gc,heap       ] GC(52) Old regions: 35->35
[2025-01-27T15:36:10.219+0000][gc,heap       ] GC(52) Humongous regions: 129->129
[2025-01-27T15:36:10.219+0000][gc,metaspace  ] GC(52) Metaspace: 40657K(42624K)->40657K(42624K) NonClass: 35555K(36608K)->35555K(36608K) Class: 5102K(6016K)->5102K(6016K)
[2025-01-27T15:36:10.219+0000][gc            ] GC(52) Pause Young (Normal) (G1 Evacuation Pause) 442M->163M(1024M) 5.687ms
[2025-01-27T15:36:10.219+0000][gc,cpu        ] GC(52) User=0.01s Sys=0.00s Real=0.01s
[2025-01-27T15:40:40.211+0000][gc,start      ] GC(53) Pause Young (Normal) (G1 Evacuation Pause)
[2025-01-27T15:40:40.211+0000][gc,task       ] GC(53) Using 2 workers of 2 for evacuation
[2025-01-27T15:40:40.216+0000][gc,phases     ] GC(53)   Pre Evacuate Collection Set: 0.0ms
[2025-01-27T15:40:40.216+0000][gc,phases     ] GC(53)   Evacuate Collection Set: 4.8ms
[2025-01-27T15:40:40.216+0000][gc,phases     ] GC(53)   Post Evacuate Collection Set: 0.4ms
[2025-01-27T15:40:40.216+0000][gc,phases     ] GC(53)   Other: 0.3ms
[2025-01-27T15:40:40.216+0000][gc,heap       ] GC(53) Eden regions: 290->0(300)
[2025-01-27T15:40:40.216+0000][gc,heap       ] GC(53) Survivor regions: 2->2(37)
[2025-01-27T15:40:40.216+0000][gc,heap       ] GC(53) Old regions: 35->35
[2025-01-27T15:40:40.216+0000][gc,heap       ] GC(53) Humongous regions: 129->129
[2025-01-27T15:40:40.216+0000][gc,metaspace  ] GC(53) Metaspace: 40673K(42624K)->40673K(42624K) NonClass: 35571K(36608K)->35571K(36608K) Class: 5102K(6016K)->5102K(6016K)
[2025-01-27T15:40:40.216+0000][gc            ] GC(53) Pause Young (Normal) (G1 Evacuation Pause) 453M->164M(1024M) 5.726ms
[2025-01-27T15:40:40.216+0000][gc,cpu        ] GC(53) User=0.01s Sys=0.01s Real=0.01s
